// Jest Snapshot v1, https://goo.gl/fbAQLP

exports[`cacheItemHash stores data 1`] = `
Object {
  "hash": "deadbeef",
  "id": "folder/file",
  "path": "folder/file",
}
`;
