// Jest Snapshot v1, https://goo.gl/fbAQLP

exports[`Year can add a semester 1`] = `
<styled.div>
  <styled.header>
    <styled.h1>
      2016—2017
    </styled.h1>
    <span>
      <Styled(Button)
        onClick={[Function]}
        title="Add Semester"
        type="flat"
      >
        Add ‘
        Fall
        ’
      </Styled(Button)>
      <Styled(Styled(Button))
        onClick={[Function]}
        title="Remove the year 2016—2017"
        type="flat"
      >
        Remove Year
      </Styled(Styled(Button))>
    </span>
  </styled.header>
  <styled.div />
</styled.div>
`;

exports[`Year can add a semester 2`] = `
<styled.div>
  <styled.header>
    <styled.h1>
      2016—2017
    </styled.h1>
    <span>
      <Styled(Button)
        onClick={[Function]}
        title="Add Semester"
        type="flat"
      >
        Add ‘
        Fall
        ’
      </Styled(Button)>
      <Styled(Styled(Button))
        onClick={[Function]}
        title="Remove the year 2016—2017"
        type="flat"
      >
        Remove Year
      </Styled(Styled(Button))>
    </span>
  </styled.header>
  <styled.div />
</styled.div>
`;

exports[`Year can remove a semester 1`] = `
<styled.div>
  <styled.header>
    <styled.h1>
      2016—2017
    </styled.h1>
    <span>
      <Styled(Button)
        onClick={[Function]}
        title="Add Semester"
        type="flat"
      >
        Add ‘
        Fall
        ’
      </Styled(Button)>
      <Styled(Styled(Button))
        onClick={[Function]}
        title="Remove the year 2016—2017"
        type="flat"
      >
        Remove Year
      </Styled(Styled(Button))>
    </span>
  </styled.header>
  <styled.div />
</styled.div>
`;

exports[`Year can remove a semester 2`] = `
<styled.div>
  <styled.header>
    <styled.h1>
      2016—2017
    </styled.h1>
    <span>
      <Styled(Button)
        onClick={[Function]}
        title="Add Semester"
        type="flat"
      >
        Add ‘
        Fall
        ’
      </Styled(Button)>
      <Styled(Styled(Button))
        onClick={[Function]}
        title="Remove the year 2016—2017"
        type="flat"
      >
        Remove Year
      </Styled(Styled(Button))>
    </span>
  </styled.header>
  <styled.div />
</styled.div>
`;

exports[`Year renders shallowly 1`] = `
<div
  className="sc-jhAzac jHxpTp"
>
  <header
    className="sc-fBuWsC hJifQM"
  >
    <h1
      className="sc-fMiknA lvJZL"
    >
      2016—2017
    </h1>
    <span>
      <button
        className="button button--flat sc-dVhcbM fvKlhn"
        disabled={undefined}
        onClick={[Function]}
        style={undefined}
        title="Add Semester"
        type="button"
      >
        Add ‘
        Fall
        ’
      </button>
      <button
        className="button button--flat sc-eqIVtm gjViaw sc-dVhcbM fvKlhn"
        disabled={undefined}
        onClick={[Function]}
        style={undefined}
        title="Remove the year 2016—2017"
        type="button"
      >
        Remove Year
      </button>
    </span>
  </header>
  <div
    className="sc-fAjcbJ kuQnpu"
  />
</div>
`;
