// Jest Snapshot v1, https://goo.gl/fbAQLP

exports[`collectTakenCourses can go down many layers deep 1`] = `
Array [
  Object {
    "department": "CSCI",
    "number": 121,
  },
  Object {
    "department": "AR/AS",
    "number": 170,
  },
  Object {
    "department": "AR/AS",
    "number": 175,
  },
  Object {
    "department": "AR/AS",
    "number": 190,
  },
  Object {
    "department": "ASIAN",
    "number": 210,
  },
  Object {
    "department": "ASIAN",
    "number": 215,
  },
  Object {
    "department": "ASIAN",
    "number": 220,
  },
]
`;

exports[`collectTakenCourses can go down one layer deep 1`] = `
Array [
  Object {
    "department": "ASIAN",
    "number": 120,
  },
]
`;

exports[`collectTakenCourses collects a list of all of the courses anywhere in this object which have the \`_taken\` property. 1`] = `
Array [
  Object {
    "department": "ASIAN",
    "number": 120,
  },
]
`;
