// Jest Snapshot v1, https://goo.gl/fbAQLP

exports[`sortStudiesByType sorts a list of areas of study by type 1`] = `
Array [
  Object {
    "type": "degree",
  },
  Object {
    "type": "major",
  },
  Object {
    "type": "concentration",
  },
  Object {
    "type": "emphasis",
  },
]
`;
